2026-02-08 05:48:30:4830 [32minfo[39m: [32mSocket.io initialized successfully[39m
2026-02-08 05:48:30:4830 [32minfo[39m: [32mServer is running on port 5000[39m
2026-02-08 05:48:30:4830 [32minfo[39m: [32mEnvironment: development[39m
2026-02-08 05:49:07:497 [35mhttp[39m: [35mGET /health 304 - - 6.329 ms[39m
2026-02-08 05:49:07:497 [35mhttp[39m: [35mGET /health 304 - - 1.284 ms[39m
2026-02-08 05:49:07:497 [35mhttp[39m: [35mGET /health 304 - - 0.705 ms[39m
2026-02-08 05:49:13:4913 [35mhttp[39m: [35mGET /health 304 - - 0.542 ms[39m
2026-02-08 05:49:14:4914 [35mhttp[39m: [35mGET /health 304 - - 0.633 ms[39m
2026-02-08 05:49:28:4928 [32minfo[39m: [32mSocket.io initialized successfully[39m
2026-02-08 05:49:28:4928 [32minfo[39m: [32mServer is running on port 5000[39m
2026-02-08 05:49:28:4928 [32minfo[39m: [32mEnvironment: development[39m
2026-02-08 05:49:57:4957 [35mhttp[39m: [35mGET /health 304 - - 5.377 ms[39m
2026-02-08 05:50:01:501 [35mhttp[39m: [35mGET /health 304 - - 0.902 ms[39m
2026-02-08 06:22:03:223 [32minfo[39m: [32mSocket.io initialized successfully[39m
2026-02-08 06:22:03:223 [32minfo[39m: [32mServer is running on port 5000[39m
2026-02-08 06:22:03:223 [32minfo[39m: [32mEnvironment: development[39m
2026-02-20 01:07:07:77 [32minfo[39m: [32mSocket.io initialized successfully[39m
2026-02-20 01:07:07:77 [32minfo[39m: [32mServer is running on port 5000[39m
2026-02-20 01:07:07:77 [32minfo[39m: [32mEnvironment: development[39m
2026-02-20 01:30:07:307 [32minfo[39m: [32mSocket.io initialized successfully[39m
2026-02-20 01:30:07:307 [32minfo[39m: [32mServer is running on port 5000[39m
2026-02-20 01:30:07:307 [32minfo[39m: [32mEnvironment: development[39m
2026-02-20 01:30:32:3032 [35mhttp[39m: [35mGET /health 200 95 - 5.791 ms[39m
2026-02-20 01:32:21:3221 [31merror[39m: [31mUnauthorized request[39m
2026-02-20 01:32:21:3221 [35mhttp[39m: [35mGET /api/v1/customer/profile 401 952 - 11.031 ms[39m
2026-02-20 01:35:37:3537 [31merror[39m: [31mUnauthorized request[39m
2026-02-20 01:35:37:3537 [35mhttp[39m: [35mGET /api/v1/customer/profile 401 952 - 19.628 ms[39m
2026-02-20 01:35:39:3539 [31merror[39m: [31mUnauthorized request[39m
2026-02-20 01:35:39:3539 [35mhttp[39m: [35mGET /api/v1/customer/profile 401 952 - 4.194 ms[39m
2026-02-20 01:35:41:3541 [31merror[39m: [31mUnauthorized request[39m
2026-02-20 01:35:41:3541 [35mhttp[39m: [35mGET /api/v1/customer/profile 401 952 - 14.593 ms[39m
2026-02-20 01:35:45:3545 [31merror[39m: [31mUnauthorized request[39m
2026-02-20 01:35:45:3545 [35mhttp[39m: [35mGET /api/v1/customer/profile 401 952 - 11.375 ms[39m
2026-02-20 01:36:03:363 [35mhttp[39m: [35mPOST /api/v1/auth/register 201 752 - 1278.213 ms[39m
2026-02-20 01:36:17:3617 [31merror[39m: [31mInvalid credentials[39m
2026-02-20 01:36:17:3617 [35mhttp[39m: [35mPOST /api/v1/auth/login 401 391 - 7.790 ms[39m
2026-02-20 01:36:17:3617 [35mhttp[39m: [35mPOST /api/v1/auth/refresh-token 200 554 - 16.288 ms[39m
2026-02-20 01:36:17:3617 [31merror[39m: [31mInvalid credentials[39m
2026-02-20 01:36:17:3617 [35mhttp[39m: [35mPOST /api/v1/auth/login 401 391 - 5.016 ms[39m
2026-02-20 01:36:31:3631 [35mhttp[39m: [35mPOST /api/v1/auth/login 200 844 - 175.189 ms[39m
2026-02-20 01:36:34:3634 [35mhttp[39m: [35mPOST /api/v1/auth/login 200 844 - 132.386 ms[39m
2026-02-20 01:41:36:4136 [31merror[39m: [31mInvalid credentials[39m
2026-02-20 01:41:36:4136 [35mhttp[39m: [35mPOST /api/v1/auth/login 401 307 - 458.507 ms[39m
2026-02-20 01:41:49:4149 [31merror[39m: [31mInvalid credentials[39m
2026-02-20 01:41:49:4149 [35mhttp[39m: [35mPOST /api/v1/auth/login 401 307 - 109.477 ms[39m
2026-02-20 01:41:57:4157 [35mhttp[39m: [35mPOST /api/v1/auth/login 200 844 - 264.394 ms[39m
2026-02-20 01:42:00:420 [35mhttp[39m: [35mGET /api/v1/customer/profile 200 661 - 319.843 ms[39m
2026-02-20 01:42:31:4231 [35mhttp[39m: [35mPOST /api/v1/auth/login 200 844 - 222.986 ms[39m
2026-02-20 01:42:34:4234 [35mhttp[39m: [35mGET /api/v1/customer/profile 200 661 - 73.120 ms[39m
2026-02-20 01:42:36:4236 [35mhttp[39m: [35mGET /api/v1/customer/profile 304 - - 24.359 ms[39m
2026-02-20 01:42:49:4249 [31merror[39m: [31mCannot read properties of undefined (reading 'map')[39m
2026-02-20 01:42:49:4249 [35mhttp[39m: [35mPATCH /api/v1/customer/profile 400 370 - 21.305 ms[39m
2026-02-20 01:45:36:4536 [31merror[39m: [31mCannot read properties of undefined (reading 'map')[39m
2026-02-20 01:45:36:4536 [35mhttp[39m: [35mPATCH /api/v1/customer/profile 400 370 - 503.439 ms[39m
2026-02-20 01:46:08:468 [31merror[39m: [31mUnauthorized request[39m
2026-02-20 01:46:08:468 [35mhttp[39m: [35mGET /api/v1/customer/profile 401 952 - 12.333 ms[39m
2026-02-20 01:46:09:469 [31merror[39m: [31mUnauthorized request[39m
2026-02-20 01:46:09:469 [35mhttp[39m: [35mGET /api/v1/customer/profile 401 952 - 1.560 ms[39m
2026-02-20 01:46:11:4611 [31merror[39m: [31mUnauthorized request[39m
2026-02-20 01:46:11:4611 [35mhttp[39m: [35mGET /api/v1/customer/profile 401 952 - 2.619 ms[39m
2026-02-20 01:46:15:4615 [31merror[39m: [31mUnauthorized request[39m
2026-02-20 01:46:15:4615 [35mhttp[39m: [35mGET /api/v1/customer/profile 401 952 - 2.772 ms[39m
2026-02-20 01:46:21:4621 [31merror[39m: [31mInvalid credentials[39m
2026-02-20 01:46:21:4621 [35mhttp[39m: [35mPOST /api/v1/auth/login 401 307 - 280.039 ms[39m
2026-02-20 01:46:40:4640 [31merror[39m: [31mUnauthorized request[39m
2026-02-20 01:46:40:4640 [35mhttp[39m: [35mGET /api/v1/customer/profile 401 952 - 1.286 ms[39m
2026-02-20 01:46:41:4641 [31merror[39m: [31mUnauthorized request[39m
2026-02-20 01:46:41:4641 [35mhttp[39m: [35mGET /api/v1/customer/profile 401 952 - 1.817 ms[39m
2026-02-20 01:46:43:4643 [31merror[39m: [31mUnauthorized request[39m
2026-02-20 01:46:43:4643 [35mhttp[39m: [35mGET /api/v1/customer/profile 401 952 - 11.351 ms[39m
2026-02-20 01:46:47:4647 [31merror[39m: [31mUnauthorized request[39m
2026-02-20 01:46:47:4647 [35mhttp[39m: [35mGET /api/v1/customer/profile 401 952 - 6.667 ms[39m
2026-02-20 01:46:51:4651 [35mhttp[39m: [35mPOST /api/v1/auth/login 200 844 - 222.226 ms[39m
2026-02-20 01:46:53:4653 [35mhttp[39m: [35mGET /api/v1/customer/profile 200 661 - 202.464 ms[39m
2026-02-20 01:47:01:471 [35mhttp[39m: [35mGET /api/v1/customer/profile 304 - - 37.312 ms[39m
2026-02-20 01:47:10:4710 [31merror[39m: [31mCannot read properties of undefined (reading 'map')[39m
2026-02-20 01:47:10:4710 [35mhttp[39m: [35mPATCH /api/v1/customer/profile 400 370 - 6.264 ms[39m
2026-02-20 01:48:42:4842 [35mhttp[39m: [35mGET /api/v1/customer/profile 200 661 - 176.581 ms[39m
2026-02-20 01:49:18:4918 [35mhttp[39m: [35mGET /api/v1/customer/profile 304 - - 412.338 ms[39m
2026-02-20 01:49:20:4920 [31merror[39m: [31mCannot read properties of undefined (reading 'map')[39m
2026-02-20 01:49:20:4920 [35mhttp[39m: [35mPATCH /api/v1/customer/profile 400 370 - 6.443 ms[39m
2026-02-20 01:52:58:5258 [32minfo[39m: [32mSocket.io initialized successfully[39m
2026-02-20 01:52:58:5258 [32minfo[39m: [32mServer is running on port 5000[39m
2026-02-20 01:52:58:5258 [32minfo[39m: [32mEnvironment: development[39m
2026-02-20 01:53:45:5345 [31merror[39m: [31mValidation Error: body.phone: Invalid phone number format, body.avatar: Avatar must be a valid URL[39m
2026-02-20 01:53:45:5345 [35mhttp[39m: [35mPATCH /api/v1/customer/profile 400 460 - 952.993 ms[39m
2026-02-20 01:54:10:5410 [31merror[39m: [31mUnauthorized request[39m
2026-02-20 01:54:10:5410 [35mhttp[39m: [35mGET /api/v1/customer/profile 401 952 - 7.674 ms[39m
2026-02-20 01:54:11:5411 [31merror[39m: [31mUnauthorized request[39m
2026-02-20 01:54:11:5411 [35mhttp[39m: [35mGET /api/v1/customer/profile 401 952 - 14.088 ms[39m
2026-02-20 01:54:13:5413 [31merror[39m: [31mUnauthorized request[39m
2026-02-20 01:54:13:5413 [35mhttp[39m: [35mGET /api/v1/customer/profile 401 952 - 2.013 ms[39m
2026-02-20 01:54:17:5417 [31merror[39m: [31mUnauthorized request[39m
2026-02-20 01:54:17:5417 [35mhttp[39m: [35mGET /api/v1/customer/profile 401 952 - 2.143 ms[39m
2026-02-20 01:54:28:5428 [35mhttp[39m: [35mPOST /api/v1/auth/login 200 844 - 459.727 ms[39m
2026-02-20 01:54:30:5430 [35mhttp[39m: [35mGET /api/v1/customer/profile 200 661 - 217.123 ms[39m
2026-02-20 01:54:32:5432 [35mhttp[39m: [35mGET /api/v1/customer/profile 304 - - 21.660 ms[39m
2026-02-20 01:54:41:5441 [31merror[39m: [31mValidation Error: body.phone: Invalid phone number format, body.avatar: Avatar must be a valid URL[39m
2026-02-20 01:54:41:5441 [35mhttp[39m: [35mPATCH /api/v1/customer/profile 400 460 - 6.473 ms[39m
2026-02-20 01:54:53:5453 [31merror[39m: [31mValidation Error: body.avatar: Avatar must be a valid URL[39m
2026-02-20 01:54:53:5453 [35mhttp[39m: [35mPATCH /api/v1/customer/profile 400 378 - 7.535 ms[39m
2026-02-20 01:56:42:5642 [32minfo[39m: [32mSocket.io initialized successfully[39m
2026-02-20 01:56:42:5642 [32minfo[39m: [32mServer is running on port 5000[39m
2026-02-20 01:56:42:5642 [32minfo[39m: [32mEnvironment: development[39m
2026-02-20 01:56:47:5647 [35mhttp[39m: [35mGET /api/v1/customer/profile 200 661 - 1704.650 ms[39m
2026-02-20 02:09:07:97 [31merror[39m: [31mUnauthorized request[39m
2026-02-20 02:09:07:97 [35mhttp[39m: [35mGET /api/v1/customer/profile 401 952 - 121.764 ms[39m
2026-02-20 02:09:08:98 [31merror[39m: [31mUnauthorized request[39m
2026-02-20 02:09:08:98 [35mhttp[39m: [35mGET /api/v1/customer/profile 401 952 - 3.782 ms[39m
2026-02-20 02:09:11:911 [31merror[39m: [31mUnauthorized request[39m
2026-02-20 02:09:11:911 [35mhttp[39m: [35mGET /api/v1/customer/profile 401 952 - 8.632 ms[39m
2026-02-20 02:09:15:915 [31merror[39m: [31mUnauthorized request[39m
2026-02-20 02:09:15:915 [35mhttp[39m: [35mGET /api/v1/customer/profile 401 952 - 6.588 ms[39m
2026-02-20 02:09:26:926 [35mhttp[39m: [35mPOST /api/v1/auth/login 200 844 - 979.486 ms[39m
2026-02-20 02:09:30:930 [35mhttp[39m: [35mGET /api/v1/customer/profile 200 661 - 295.341 ms[39m
2026-02-20 02:09:57:957 [35mhttp[39m: [35mGET /api/v1/customer/profile 304 - - 26.465 ms[39m
2026-02-20 02:09:59:959 [35mhttp[39m: [35mGET /api/v1/customer/profile 304 - - 19.060 ms[39m
2026-02-20 02:10:09:109 [35mhttp[39m: [35mPATCH /api/v1/customer/profile 200 577 - 36.714 ms[39m
2026-02-20 02:10:11:1011 [35mhttp[39m: [35mGET /api/v1/customer/profile 200 668 - 14.836 ms[39m
2026-02-20 02:10:18:1018 [35mhttp[39m: [35mGET /api/v1/customer/orders?status=active 200 83 - 187.795 ms[39m
2026-02-20 02:10:40:1040 [35mhttp[39m: [35mGET /api/v1/customer/profile 304 - - 16.824 ms[39m
2026-02-20 02:12:34:1234 [35mhttp[39m: [35mGET /api/v1/customer/profile 304 - - 725.999 ms[39m
2026-02-20 02:13:19:1319 [35mhttp[39m: [35mGET /api/v1/customer/profile 304 - - 265.868 ms[39m
2026-02-20 02:13:22:1322 [35mhttp[39m: [35mGET /api/v1/customer/favourites 200 87 - 87.918 ms[39m
2026-02-20 02:13:23:1323 [35mhttp[39m: [35mGET /api/v1/customer/vouchers 200 85 - 24.550 ms[39m
2026-02-20 02:13:25:1325 [35mhttp[39m: [35mGET /api/v1/customer/vouchers 304 - - 10.548 ms[39m
2026-02-20 02:15:21:1521 [35mhttp[39m: [35mPOST /api/v1/auth/login 200 851 - 672.087 ms[39m
2026-02-20 02:15:24:1524 [35mhttp[39m: [35mGET /api/v1/customer/profile 200 668 - 120.470 ms[39m
2026-02-20 02:15:46:1546 [35mhttp[39m: [35mGET /api/v1/customer/profile 304 - - 30.057 ms[39m
2026-02-20 02:15:55:1555 [35mhttp[39m: [35mGET /api/v1/customer/orders?status=active 304 - - 110.647 ms[39m
2026-02-20 02:20:50:2050 [32minfo[39m: [32mSocket.io initialized successfully[39m
2026-02-20 02:20:51:2051 [32minfo[39m: [32mServer is running on port 5000[39m
2026-02-20 02:20:51:2051 [32minfo[39m: [32mEnvironment: development[39m
2026-02-20 02:21:03:213 [32minfo[39m: [32mSocket.io initialized successfully[39m
2026-02-20 02:21:03:213 [32minfo[39m: [32mServer is running on port 5000[39m
2026-02-20 02:21:03:213 [32minfo[39m: [32mEnvironment: development[39m
2026-02-20 02:21:23:2123 [32minfo[39m: [32mSocket.io initialized successfully[39m
2026-02-20 02:21:23:2123 [32minfo[39m: [32mServer is running on port 5000[39m
2026-02-20 02:21:23:2123 [32minfo[39m: [32mEnvironment: development[39m
2026-02-20 02:21:39:2139 [32minfo[39m: [32mSocket.io initialized successfully[39m
2026-02-20 02:21:39:2139 [32minfo[39m: [32mServer is running on port 5000[39m
2026-02-20 02:21:39:2139 [32minfo[39m: [32mEnvironment: development[39m
2026-02-20 02:22:04:224 [32minfo[39m: [32mSocket.io initialized successfully[39m
2026-02-20 02:22:04:224 [32minfo[39m: [32mServer is running on port 5000[39m
2026-02-20 02:22:04:224 [32minfo[39m: [32mEnvironment: development[39m
2026-02-20 02:23:19:2319 [32minfo[39m: [32mSocket.io initialized successfully[39m
2026-02-20 02:23:19:2319 [32minfo[39m: [32mServer is running on port 5000[39m
2026-02-20 02:23:19:2319 [32minfo[39m: [32mEnvironment: development[39m
2026-02-20 02:35:55:3555 [32minfo[39m: [32mSocket.io initialized successfully[39m
2026-02-20 02:35:55:3555 [32minfo[39m: [32mServer is running on port 5000[39m
2026-02-20 02:35:55:3555 [32minfo[39m: [32mEnvironment: development[39m
2026-02-20 02:38:04:384 [32minfo[39m: [32mSocket.io initialized successfully[39m
2026-02-20 02:38:04:384 [32minfo[39m: [32mServer is running on port 5000[39m
2026-02-20 02:38:04:384 [32minfo[39m: [32mEnvironment: development[39m
2026-02-20 02:41:02:412 [31merror[39m: [31mToken expired[39m
2026-02-20 02:41:02:412 [35mhttp[39m: [35mGET /api/v1/customer/profile 401 938 - 80.155 ms[39m
2026-02-20 02:41:04:414 [35mhttp[39m: [35mPOST /api/v1/auth/refresh-token 200 554 - 1346.782 ms[39m
2026-02-20 02:41:04:414 [35mhttp[39m: [35mGET /api/v1/customer/profile 200 721 - 501.722 ms[39m
2026-02-20 02:41:10:4110 [35mhttp[39m: [35mGET /api/v1/customer/orders?status=active 304 - - 127.958 ms[39m
2026-02-20 02:41:11:4111 [35mhttp[39m: [35mGET /api/v1/customer/addresses 200 86 - 20.314 ms[39m
2026-02-20 02:41:17:4117 [35mhttp[39m: [35mPOST /api/v1/customer/addresses 201 329 - 123.488 ms[39m
2026-02-20 02:41:17:4117 [35mhttp[39m: [35mGET /api/v1/customer/addresses 200 335 - 10.509 ms[39m
2026-02-20 02:41:19:4119 [35mhttp[39m: [35mGET /api/v1/customer/addresses 304 - - 9.323 ms[39m
2026-02-20 02:41:21:4121 [35mhttp[39m: [35mGET /api/v1/customer/addresses 304 - - 10.695 ms[39m
2026-02-20 02:41:27:4127 [35mhttp[39m: [35mDELETE /api/v1/customer/addresses/fcab02c5-e429-4922-8e7e-0846a064c1d1 200 84 - 19.151 ms[39m
2026-02-20 02:41:27:4127 [35mhttp[39m: [35mGET /api/v1/customer/addresses 200 86 - 10.434 ms[39m
2026-02-20 02:41:43:4143 [35mhttp[39m: [35mGET /api/v1/customer/profile 304 - - 114.320 ms[39m
2026-02-20 02:42:09:429 [35mhttp[39m: [35mGET /api/v1/customer/profile 304 - - 34.534 ms[39m
2026-02-20 02:42:11:4211 [35mhttp[39m: [35mGET /api/v1/help/faqs 200 1505 - 13.330 ms[39m
2026-02-20 02:42:20:4220 [35mhttp[39m: [35mGET /api/v1/help/faqs 304 - - 4.112 ms[39m
2026-02-20 02:42:29:4229 [35mhttp[39m: [35mGET /api/v1/help/faqs 304 - - 3.120 ms[39m
2026-02-20 02:43:07:437 [35mhttp[39m: [35mGET /api/v1/customer/profile 304 - - 200.705 ms[39m
2026-02-20 02:43:10:4310 [35mhttp[39m: [35mGET /api/v1/customer/addresses 304 - - 15.605 ms[39m
2026-02-20 02:43:15:4315 [35mhttp[39m: [35mPOST /api/v1/customer/addresses 201 328 - 100.723 ms[39m
2026-02-20 02:43:15:4315 [35mhttp[39m: [35mGET /api/v1/customer/addresses 200 334 - 16.176 ms[39m
2026-02-20 02:43:17:4317 [35mhttp[39m: [35mGET /api/v1/customer/addresses 304 - - 9.084 ms[39m
2026-02-20 02:43:18:4318 [35mhttp[39m: [35mGET /api/v1/customer/addresses 304 - - 10.645 ms[39m
2026-02-20 02:43:18:4318 [35mhttp[39m: [35mGET /api/v1/customer/addresses 304 - - 7.828 ms[39m
2026-02-20 02:43:19:4319 [35mhttp[39m: [35mGET /api/v1/customer/addresses 304 - - 7.946 ms[39m
2026-02-20 02:43:28:4328 [35mhttp[39m: [35mGET /api/v1/customer/profile 200 969 - 32.738 ms[39m
2026-02-20 02:43:31:4331 [35mhttp[39m: [35mPATCH /api/v1/customer/security 200 191 - 12.539 ms[39m
2026-02-20 02:43:31:4331 [35mhttp[39m: [35mGET /api/v1/customer/profile 200 970 - 20.969 ms[39m
2026-02-20 02:43:33:4333 [35mhttp[39m: [35mGET /api/v1/help/faqs 304 - - 4.743 ms[39m
2026-02-20 02:43:42:4342 [35mhttp[39m: [35mGET /api/v1/customer/profile 304 - - 14.394 ms[39m
2026-02-20 02:43:46:4346 [35mhttp[39m: [35mGET /api/v1/customer/addresses 304 - - 9.706 ms[39m
2026-02-20 02:43:53:4353 [35mhttp[39m: [35mGET /api/v1/customer/profile 304 - - 19.618 ms[39m
2026-02-20 02:43:56:4356 [35mhttp[39m: [35mGET /api/v1/help/faqs 304 - - 4.015 ms[39m
2026-02-20 02:43:58:4358 [35mhttp[39m: [35mGET /api/v1/help/faqs 304 - - 3.693 ms[39m
2026-02-20 02:43:59:4359 [35mhttp[39m: [35mGET /api/v1/help/faqs 304 - - 4.040 ms[39m
